// Jest Snapshot v1, https://goo.gl/fbAQLP

exports[`testing WorkingHours should render component 1`] = `
<div
  className="workingHours"
>
  <div
    key="Lunedì"
  >
    <p>
      Lunedì
    </p>
    <p>
      <span
        key="Lunedì-09.00"
      >
        09.00
      </span>
      <span
        key="Lunedì--"
      >
        -
      </span>
      <span
        key="Lunedì-20.00"
      >
        20.00
      </span>
    </p>
  </div>
  <div
    key="Martedì"
  >
    <p>
      Martedì
    </p>
    <p>
      <span
        key="Martedì-09.00"
      >
        09.00
      </span>
      <span
        key="Martedì--"
      >
        -
      </span>
      <span
        key="Martedì-20.00"
      >
        20.00
      </span>
    </p>
  </div>
  <div
    key="Mercoledì"
  >
    <p>
      Mercoledì
    </p>
    <p>
      <span
        key="Mercoledì-09.00"
      >
        09.00
      </span>
      <span
        key="Mercoledì--"
      >
        -
      </span>
      <span
        key="Mercoledì-20.00"
      >
        20.00
      </span>
    </p>
  </div>
  <div
    key="Giovedì"
  >
    <p>
      Giovedì
    </p>
    <p>
      <span
        key="Giovedì-09.00"
      >
        09.00
      </span>
      <span
        key="Giovedì--"
      >
        -
      </span>
      <span
        key="Giovedì-20.00"
      >
        20.00
      </span>
    </p>
  </div>
  <div
    key="Venerdì"
  >
    <p>
      Venerdì
    </p>
    <p>
      <span
        key="Venerdì-09.00"
      >
        09.00
      </span>
      <span
        key="Venerdì--"
      >
        -
      </span>
      <span
        key="Venerdì-20.00"
      >
        20.00
      </span>
    </p>
  </div>
  <div
    key="Sabato"
  >
    <p>
      Sabato
    </p>
    <p>
      <span
        key="Sabato-09.00"
      >
        09.00
      </span>
      <span
        key="Sabato--"
      >
        -
      </span>
      <span
        key="Sabato-18.00"
      >
        18.00
      </span>
    </p>
  </div>
</div>
`;
